 gcc -g p5original.c
 gdb a.out
GNU gdb (Ubuntu 8.1.1-0ubuntu1) 8.1.1
Copyright (C) 2018 Free Software Foundation, Inc.
License GPLv3+: GNU GPL version 3 or later <http://gnu.org/licenses/gpl.html>
This is free software: you are free to change and redistribute it.
There is NO WARRANTY, to the extent permitted by law.  Type "show copying"
and "show warranty" for details.
This GDB was configured as "x86_64-linux-gnu".
Type "show configuration" for configuration details.
For bug reporting instructions, please see:
<http://www.gnu.org/software/gdb/bugs/>.
Find the GDB manual and other documentation resources online at:
<http://www.gnu.org/software/gdb/documentation/>.
For help, type "help".
Type "apropos word" to search for commands related to "word"...
Reading symbols from a.out...done.
(gdb) b main
Breakpoint 1 at 0x949: file p5original.c, line 42.
(gdb) r
Starting program: /home/runner/Test2Session1-1/a.out 
warning: Error disabling address space randomization: Operation not permitted

Breakpoint 1, main () at p5original.c:42
42  {
(gdb) s
44    n=input_array_size();
(gdb) s
input_array_size () at p5original.c:4
4   {
(gdb) s
6     printf("Enter the size of an array\n");
(gdb) n
Enter the size of an array
7     scanf("%d",&n);
(gdb) n
100
8     return n;
(gdb) n
9   }
(gdb) p n
$1 = 100
(gdb) s
main () at p5original.c:45
45    int a[n];
(gdb) s
46    input_array(n,a);
(gdb) n
47    erotosthenes_sieve(n,a);
(gdb) n
48    out_put(n,a);
(gdb) n
2 3 5 7 11 13 17 19 23 29 31 37 41 43 47 53 59 61 67 71 73 79 83 89 97 
49    return 0;
(gdb) n
50  }(gdb) c
Continuing.
[Inferior 1 (process 1486) exited normally]
(gdb) 